[22:57:58][INFO] - patching driver executable /home/jeremias/.local/share/undetected_chromedriver/undetected_chromedriver
[22:58:05][INFO] - patching driver executable /home/jeremias/.local/share/undetected_chromedriver/undetected_chromedriver
[22:58:16][INFO] - Navegador foi aberto!!
[22:58:32][INFO] - Idioma PT-BR selecionado!!
[22:58:32][INFO] - O robô começou a clicar
[22:58:33][ERROR] - Houve um erro inesperado na clicagem do big cockie: Message: element click intercepted: Element <button id="bigCookie"></button> is not clickable at point (240, 364). Other element would receive the click: <div id="darken" style="display: block;"></div>
  (Session info: chrome=150.0.7871.114); For documentation on this error, please visit: https://www.selenium.dev/documentation/webdriver/troubleshooting/errors#elementclickinterceptedexception
Stacktrace:
#0 0x618ad3e8644a <unknown>
#1 0x618ad385e8c9 <unknown>
#2 0x618ad38ba9d5 <unknown>
#3 0x618ad38b8ab2 <unknown>
#4 0x618ad38b649c <unknown>
#5 0x618ad38b5587 <unknown>
#6 0x618ad38a9392 <unknown>
#7 0x618ad38a8cd7 <unknown>
#8 0x618ad38fc55d <unknown>
#9 0x618ad38a73ff <unknown>
#10 0x618ad38a8261 <unknown>
#11 0x618ad3e4bcc7 <unknown>
#12 0x618ad3e4a4a8 <unknown>
#13 0x618ad3e35196 <unknown>
#14 0x618ad3e4b06a <unknown>
#15 0x618ad3e1d020 <unknown>
#16 0x618ad3e71b98 <unknown>
#17 0x618ad3e71d35 <unknown>
#18 0x618ad3e84ffe <unknown>
#19 0x710d2709cb84 <unknown>
#20 0x710d27129d6c <unknown>
Traceback (most recent call last):
  File "/home/jeremias/Documentos/pasta_de_projetos/click-coockie/uteis/tratamento_bot/bot.py", line 101, in cliques
    big_cockie.click()
  File "/home/jeremias/Documentos/pasta_de_projetos/click-coockie/.venv/lib/python3.12/site-packages/selenium/webdriver/remote/webelement.py", line 114, in click
    self._execute(Command.CLICK_ELEMENT)
  File "/home/jeremias/Documentos/pasta_de_projetos/click-coockie/.venv/lib/python3.12/site-packages/selenium/webdriver/remote/webelement.py", line 508, in _execute
    return self._parent.execute(command, params)
           ^^^^^^^^^^^^^^^^^^^^^^^^^^^^^^^^^^^^^
  File "/home/jeremias/Documentos/pasta_de_projetos/click-coockie/.venv/lib/python3.12/site-packages/selenium/webdriver/remote/webdriver.py", line 503, in execute
    self.error_handler.check_response(response)
  File "/home/jeremias/Documentos/pasta_de_projetos/click-coockie/.venv/lib/python3.12/site-packages/selenium/webdriver/remote/errorhandler.py", line 232, in check_response
    raise exception_class(message, screen, stacktrace)
selenium.common.exceptions.ElementClickInterceptedException: Message: element click intercepted: Element <button id="bigCookie"></button> is not clickable at point (240, 364). Other element would receive the click: <div id="darken" style="display: block;"></div>
  (Session info: chrome=150.0.7871.114); For documentation on this error, please visit: https://www.selenium.dev/documentation/webdriver/troubleshooting/errors#elementclickinterceptedexception
Stacktrace:
#0 0x618ad3e8644a <unknown>
#1 0x618ad385e8c9 <unknown>
#2 0x618ad38ba9d5 <unknown>
#3 0x618ad38b8ab2 <unknown>
#4 0x618ad38b649c <unknown>
#5 0x618ad38b5587 <unknown>
#6 0x618ad38a9392 <unknown>
#7 0x618ad38a8cd7 <unknown>
#8 0x618ad38fc55d <unknown>
#9 0x618ad38a73ff <unknown>
#10 0x618ad38a8261 <unknown>
#11 0x618ad3e4bcc7 <unknown>
#12 0x618ad3e4a4a8 <unknown>
#13 0x618ad3e35196 <unknown>
#14 0x618ad3e4b06a <unknown>
#15 0x618ad3e1d020 <unknown>
#16 0x618ad3e71b98 <unknown>
#17 0x618ad3e71d35 <unknown>
#18 0x618ad3e84ffe <unknown>
#19 0x710d2709cb84 <unknown>
#20 0x710d27129d6c <unknown>

[22:59:13][INFO] - patching driver executable /home/jeremias/.local/share/undetected_chromedriver/undetected_chromedriver
[22:59:20][INFO] - patching driver executable /home/jeremias/.local/share/undetected_chromedriver/undetected_chromedriver
[22:59:30][INFO] - Navegador foi aberto!!
[22:59:42][INFO] - Idioma PT-BR selecionado!!
[22:59:42][INFO] - O robô começou a clicar
[23:02:32][INFO] - patching driver executable /home/jeremias/.local/share/undetected_chromedriver/undetected_chromedriver
[23:02:40][INFO] - patching driver executable /home/jeremias/.local/share/undetected_chromedriver/undetected_chromedriver
[23:02:50][INFO] - Navegador foi aberto!!
[23:03:09][INFO] - Idioma PT-BR selecionado!!
[23:03:09][INFO] - O robô começou a clicar
[23:04:31][ERROR] - Houve um erro disconhecido ao tentar comprar upgrades: 'NoneType' object has no attribute 'is_displayed'
Traceback (most recent call last):
  File "/home/jeremias/Documentos/pasta_de_projetos/click-coockie/uteis/tratamento_bot/bot.py", line 115, in melhorias
    upgrade0 = self.bot.find_element(
               ^^^^^^^^^^^^^^^^^^^^^^
  File "/home/jeremias/Documentos/pasta_de_projetos/click-coockie/.venv/lib/python3.12/site-packages/botcity/web/bot.py", line 1327, in find_element
    ).until(
      ^^^^^^
  File "/home/jeremias/Documentos/pasta_de_projetos/click-coockie/.venv/lib/python3.12/site-packages/selenium/webdriver/support/wait.py", line 112, in until
    value = method(self._driver)
            ^^^^^^^^^^^^^^^^^^^^
  File "/home/jeremias/Documentos/pasta_de_projetos/click-coockie/.venv/lib/python3.12/site-packages/selenium/webdriver/support/expected_conditions.py", line 519, in _predicate
    element = visibility_of(target)(driver)
              ^^^^^^^^^^^^^^^^^^^^^^^^^^^^^
  File "/home/jeremias/Documentos/pasta_de_projetos/click-coockie/.venv/lib/python3.12/site-packages/selenium/webdriver/support/expected_conditions.py", line 212, in _predicate
    return _element_if_visible(element)
           ^^^^^^^^^^^^^^^^^^^^^^^^^^^^
  File "/home/jeremias/Documentos/pasta_de_projetos/click-coockie/.venv/lib/python3.12/site-packages/selenium/webdriver/support/expected_conditions.py", line 227, in _element_if_visible
    return element if element.is_displayed() == visibility else False
                      ^^^^^^^^^^^^^^^^^^^^
AttributeError: 'NoneType' object has no attribute 'is_displayed'
[23:04:31][ERROR] - Houve um erro inesperado na clicagem do big cockie: Message: no such window: target window already closed
from unknown error: web view not found
  (Session info: chrome=150.0.7871.114)
Stacktrace:
#0 0x5bcb5862c44a <unknown>
#1 0x5bcb580048c9 <unknown>
#2 0x5bcb57fd7e68 <unknown>
#3 0x5bcb58088058 <unknown>
#4 0x5bcb580a1ef8 <unknown>
#5 0x5bcb5804d3ff <unknown>
#6 0x5bcb5804e261 <unknown>
#7 0x5bcb585f1cc7 <unknown>
#8 0x5bcb585f04a8 <unknown>
#9 0x5bcb585db196 <unknown>
#10 0x5bcb585f106a <unknown>
#11 0x5bcb585c3020 <unknown>
#12 0x5bcb58617b98 <unknown>
#13 0x5bcb58617d35 <unknown>
#14 0x5bcb5862affe <unknown>
#15 0x7b82c889cb84 <unknown>
#16 0x7b82c8929d6c <unknown>
Traceback (most recent call last):
  File "/home/jeremias/Documentos/pasta_de_projetos/click-coockie/uteis/tratamento_bot/bot.py", line 91, in cliques
    big_cockie = self.bot.find_element(
                 ^^^^^^^^^^^^^^^^^^^^^^
  File "/home/jeremias/Documentos/pasta_de_projetos/click-coockie/.venv/lib/python3.12/site-packages/botcity/web/bot.py", line 1327, in find_element
    ).until(
      ^^^^^^
  File "/home/jeremias/Documentos/pasta_de_projetos/click-coockie/.venv/lib/python3.12/site-packages/selenium/webdriver/support/wait.py", line 112, in until
    value = method(self._driver)
            ^^^^^^^^^^^^^^^^^^^^
  File "/home/jeremias/Documentos/pasta_de_projetos/click-coockie/.venv/lib/python3.12/site-packages/selenium/webdriver/support/expected_conditions.py", line 96, in _predicate
    return driver.find_element(*locator)
           ^^^^^^^^^^^^^^^^^^^^^^^^^^^^^
  File "/home/jeremias/Documentos/pasta_de_projetos/click-coockie/.venv/lib/python3.12/site-packages/selenium/webdriver/remote/webdriver.py", line 910, in find_element
    return self.execute(Command.FIND_ELEMENT, {"using": by, "value": value})["value"]
           ^^^^^^^^^^^^^^^^^^^^^^^^^^^^^^^^^^^^^^^^^^^^^^^^^^^^^^^^^^^^^^^^^
  File "/home/jeremias/Documentos/pasta_de_projetos/click-coockie/.venv/lib/python3.12/site-packages/selenium/webdriver/remote/webdriver.py", line 503, in execute
    self.error_handler.check_response(response)
  File "/home/jeremias/Documentos/pasta_de_projetos/click-coockie/.venv/lib/python3.12/site-packages/selenium/webdriver/remote/errorhandler.py", line 232, in check_response
    raise exception_class(message, screen, stacktrace)
selenium.common.exceptions.NoSuchWindowException: Message: no such window: target window already closed
from unknown error: web view not found
  (Session info: chrome=150.0.7871.114)
Stacktrace:
#0 0x5bcb5862c44a <unknown>
#1 0x5bcb580048c9 <unknown>
#2 0x5bcb57fd7e68 <unknown>
#3 0x5bcb58088058 <unknown>
#4 0x5bcb580a1ef8 <unknown>
#5 0x5bcb5804d3ff <unknown>
#6 0x5bcb5804e261 <unknown>
#7 0x5bcb585f1cc7 <unknown>
#8 0x5bcb585f04a8 <unknown>
#9 0x5bcb585db196 <unknown>
#10 0x5bcb585f106a <unknown>
#11 0x5bcb585c3020 <unknown>
#12 0x5bcb58617b98 <unknown>
#13 0x5bcb58617d35 <unknown>
#14 0x5bcb5862affe <unknown>
#15 0x7b82c889cb84 <unknown>
#16 0x7b82c8929d6c <unknown>

[23:05:58][INFO] - patching driver executable /home/jeremias/.local/share/undetected_chromedriver/undetected_chromedriver
[23:06:06][INFO] - patching driver executable /home/jeremias/.local/share/undetected_chromedriver/undetected_chromedriver
[23:06:15][INFO] - Navegador foi aberto!!
[23:06:30][INFO] - Idioma PT-BR selecionado!!
[23:06:30][INFO] - O robô começou a clicar
[23:08:39][INFO] - patching driver executable /home/jeremias/.local/share/undetected_chromedriver/undetected_chromedriver
[23:08:46][INFO] - patching driver executable /home/jeremias/.local/share/undetected_chromedriver/undetected_chromedriver
[23:08:55][INFO] - Navegador foi aberto!!
[23:09:10][INFO] - Idioma PT-BR selecionado!!
[23:09:10][INFO] - O robô começou a clicar
[23:09:48][ERROR] - Houve um erro ao tentar comprar contrução: Message: no such window: target window already closed
from unknown error: web view not found
  (Session info: chrome=150.0.7871.114)
Stacktrace:
#0 0x58398444844a <unknown>
#1 0x583983e208c9 <unknown>
#2 0x583983df3e68 <unknown>
#3 0x583983ea4058 <unknown>
#4 0x583983ebdef8 <unknown>
#5 0x583983e693ff <unknown>
#6 0x583983e6a261 <unknown>
#7 0x58398440dcc7 <unknown>
#8 0x58398440c4a8 <unknown>
#9 0x5839843f7196 <unknown>
#10 0x58398440d06a <unknown>
#11 0x5839843df020 <unknown>
#12 0x583984433b98 <unknown>
#13 0x583984433d35 <unknown>
#14 0x583984446ffe <unknown>
#15 0x73845e69cb84 <unknown>
#16 0x73845e729d6c <unknown>
Traceback (most recent call last):
  File "/home/jeremias/Documentos/pasta_de_projetos/click-coockie/uteis/tratamento_bot/bot.py", line 133, in contrucoes
    contrucao = self.bot.find_elements(
                ^^^^^^^^^^^^^^^^^^^^^^^
  File "/home/jeremias/Documentos/pasta_de_projetos/click-coockie/.venv/lib/python3.12/site-packages/botcity/web/bot.py", line 1284, in find_elements
    ).until(
      ^^^^^^
  File "/home/jeremias/Documentos/pasta_de_projetos/click-coockie/.venv/lib/python3.12/site-packages/selenium/webdriver/support/wait.py", line 112, in until
    value = method(self._driver)
            ^^^^^^^^^^^^^^^^^^^^
  File "/home/jeremias/Documentos/pasta_de_projetos/click-coockie/.venv/lib/python3.12/site-packages/selenium/webdriver/support/expected_conditions.py", line 294, in _predicate
    elements = driver.find_elements(*locator)
               ^^^^^^^^^^^^^^^^^^^^^^^^^^^^^^
  File "/home/jeremias/Documentos/pasta_de_projetos/click-coockie/.venv/lib/python3.12/site-packages/selenium/webdriver/remote/webdriver.py", line 941, in find_elements
    return self.execute(Command.FIND_ELEMENTS, {"using": by, "value": value})["value"] or []
           ^^^^^^^^^^^^^^^^^^^^^^^^^^^^^^^^^^^^^^^^^^^^^^^^^^^^^^^^^^^^^^^^^^
  File "/home/jeremias/Documentos/pasta_de_projetos/click-coockie/.venv/lib/python3.12/site-packages/selenium/webdriver/remote/webdriver.py", line 503, in execute
    self.error_handler.check_response(response)
  File "/home/jeremias/Documentos/pasta_de_projetos/click-coockie/.venv/lib/python3.12/site-packages/selenium/webdriver/remote/errorhandler.py", line 232, in check_response
    raise exception_class(message, screen, stacktrace)
selenium.common.exceptions.NoSuchWindowException: Message: no such window: target window already closed
from unknown error: web view not found
  (Session info: chrome=150.0.7871.114)
Stacktrace:
#0 0x58398444844a <unknown>
#1 0x583983e208c9 <unknown>
#2 0x583983df3e68 <unknown>
#3 0x583983ea4058 <unknown>
#4 0x583983ebdef8 <unknown>
#5 0x583983e693ff <unknown>
#6 0x583983e6a261 <unknown>
#7 0x58398440dcc7 <unknown>
#8 0x58398440c4a8 <unknown>
#9 0x5839843f7196 <unknown>
#10 0x58398440d06a <unknown>
#11 0x5839843df020 <unknown>
#12 0x583984433b98 <unknown>
#13 0x583984433d35 <unknown>
#14 0x583984446ffe <unknown>
#15 0x73845e69cb84 <unknown>
#16 0x73845e729d6c <unknown>

[23:09:48][ERROR] - Houve um erro inesperado na clicagem do big cockie: Message: no such window: target window already closed
from unknown error: web view not found
  (Session info: chrome=150.0.7871.114)
Stacktrace:
#0 0x58398444844a <unknown>
#1 0x583983e208c9 <unknown>
#2 0x583983df3e68 <unknown>
#3 0x583983ea4058 <unknown>
#4 0x583983ebdef8 <unknown>
#5 0x583983e693ff <unknown>
#6 0x583983e6a261 <unknown>
#7 0x58398440dcc7 <unknown>
#8 0x58398440c4a8 <unknown>
#9 0x5839843f7196 <unknown>
#10 0x58398440d06a <unknown>
#11 0x5839843df020 <unknown>
#12 0x583984433b98 <unknown>
#13 0x583984433d35 <unknown>
#14 0x583984446ffe <unknown>
#15 0x73845e69cb84 <unknown>
#16 0x73845e729d6c <unknown>
Traceback (most recent call last):
  File "/home/jeremias/Documentos/pasta_de_projetos/click-coockie/uteis/tratamento_bot/bot.py", line 91, in cliques
    big_cockie = self.bot.find_element(
                 ^^^^^^^^^^^^^^^^^^^^^^
  File "/home/jeremias/Documentos/pasta_de_projetos/click-coockie/.venv/lib/python3.12/site-packages/botcity/web/bot.py", line 1327, in find_element
    ).until(
      ^^^^^^
  File "/home/jeremias/Documentos/pasta_de_projetos/click-coockie/.venv/lib/python3.12/site-packages/selenium/webdriver/support/wait.py", line 112, in until
    value = method(self._driver)
            ^^^^^^^^^^^^^^^^^^^^
  File "/home/jeremias/Documentos/pasta_de_projetos/click-coockie/.venv/lib/python3.12/site-packages/selenium/webdriver/support/expected_conditions.py", line 96, in _predicate
    return driver.find_element(*locator)
           ^^^^^^^^^^^^^^^^^^^^^^^^^^^^^
  File "/home/jeremias/Documentos/pasta_de_projetos/click-coockie/.venv/lib/python3.12/site-packages/selenium/webdriver/remote/webdriver.py", line 910, in find_element
    return self.execute(Command.FIND_ELEMENT, {"using": by, "value": value})["value"]
           ^^^^^^^^^^^^^^^^^^^^^^^^^^^^^^^^^^^^^^^^^^^^^^^^^^^^^^^^^^^^^^^^^
  File "/home/jeremias/Documentos/pasta_de_projetos/click-coockie/.venv/lib/python3.12/site-packages/selenium/webdriver/remote/webdriver.py", line 503, in execute
    self.error_handler.check_response(response)
  File "/home/jeremias/Documentos/pasta_de_projetos/click-coockie/.venv/lib/python3.12/site-packages/selenium/webdriver/remote/errorhandler.py", line 232, in check_response
    raise exception_class(message, screen, stacktrace)
selenium.common.exceptions.NoSuchWindowException: Message: no such window: target window already closed
from unknown error: web view not found
  (Session info: chrome=150.0.7871.114)
Stacktrace:
#0 0x58398444844a <unknown>
#1 0x583983e208c9 <unknown>
#2 0x583983df3e68 <unknown>
#3 0x583983ea4058 <unknown>
#4 0x583983ebdef8 <unknown>
#5 0x583983e693ff <unknown>
#6 0x583983e6a261 <unknown>
#7 0x58398440dcc7 <unknown>
#8 0x58398440c4a8 <unknown>
#9 0x5839843f7196 <unknown>
#10 0x58398440d06a <unknown>
#11 0x5839843df020 <unknown>
#12 0x583984433b98 <unknown>
#13 0x583984433d35 <unknown>
#14 0x583984446ffe <unknown>
#15 0x73845e69cb84 <unknown>
#16 0x73845e729d6c <unknown>

[23:11:46][INFO] - patching driver executable /home/jeremias/.local/share/undetected_chromedriver/undetected_chromedriver
[23:11:52][INFO] - patching driver executable /home/jeremias/.local/share/undetected_chromedriver/undetected_chromedriver
[23:12:02][INFO] - Navegador foi aberto!!
[23:12:20][INFO] - Idioma PT-BR selecionado!!
[23:12:20][INFO] - O robô começou a clicar
[23:15:36][INFO] - patching driver executable /home/jeremias/.local/share/undetected_chromedriver/undetected_chromedriver
[23:15:43][INFO] - patching driver executable /home/jeremias/.local/share/undetected_chromedriver/undetected_chromedriver
[23:15:52][INFO] - Navegador foi aberto!!
[23:16:02][INFO] - Idioma PT-BR selecionado!!
[23:16:02][INFO] - O robô começou a clicar
[23:16:31][ERROR] - Houve um erro ao tentar comprar contrução: 'WebElement' object is not iterable
Traceback (most recent call last):
  File "/home/jeremias/Documentos/pasta_de_projetos/click-coockie/uteis/tratamento_bot/bot.py", line 140, in contrucoes
    for con in contrucao:
TypeError: 'WebElement' object is not iterable
[23:16:53][ERROR] - Houve um erro ao tentar comprar contrução: 'WebElement' object is not iterable
Traceback (most recent call last):
  File "/home/jeremias/Documentos/pasta_de_projetos/click-coockie/uteis/tratamento_bot/bot.py", line 140, in contrucoes
    for con in contrucao:
TypeError: 'WebElement' object is not iterable
[23:17:06][ERROR] - Houve um erro ao tentar comprar contrução: 'WebElement' object is not iterable
Traceback (most recent call last):
  File "/home/jeremias/Documentos/pasta_de_projetos/click-coockie/uteis/tratamento_bot/bot.py", line 140, in contrucoes
    for con in contrucao:
TypeError: 'WebElement' object is not iterable
[23:17:19][ERROR] - Houve um erro ao tentar comprar contrução: 'WebElement' object is not iterable
Traceback (most recent call last):
  File "/home/jeremias/Documentos/pasta_de_projetos/click-coockie/uteis/tratamento_bot/bot.py", line 140, in contrucoes
    for con in contrucao:
TypeError: 'WebElement' object is not iterable
[23:17:38][ERROR] - Houve um erro ao tentar comprar contrução: 'WebElement' object is not iterable
Traceback (most recent call last):
  File "/home/jeremias/Documentos/pasta_de_projetos/click-coockie/uteis/tratamento_bot/bot.py", line 140, in contrucoes
    for con in contrucao:
TypeError: 'WebElement' object is not iterable
[23:17:51][ERROR] - Houve um erro ao tentar comprar contrução: 'WebElement' object is not iterable
Traceback (most recent call last):
  File "/home/jeremias/Documentos/pasta_de_projetos/click-coockie/uteis/tratamento_bot/bot.py", line 140, in contrucoes
    for con in contrucao:
TypeError: 'WebElement' object is not iterable
[23:18:04][ERROR] - Houve um erro ao tentar comprar contrução: 'WebElement' object is not iterable
Traceback (most recent call last):
  File "/home/jeremias/Documentos/pasta_de_projetos/click-coockie/uteis/tratamento_bot/bot.py", line 140, in contrucoes
    for con in contrucao:
TypeError: 'WebElement' object is not iterable
[23:18:17][ERROR] - Houve um erro ao tentar comprar contrução: 'WebElement' object is not iterable
Traceback (most recent call last):
  File "/home/jeremias/Documentos/pasta_de_projetos/click-coockie/uteis/tratamento_bot/bot.py", line 140, in contrucoes
    for con in contrucao:
TypeError: 'WebElement' object is not iterable
[23:18:35][ERROR] - Houve um erro ao tentar comprar contrução: 'WebElement' object is not iterable
Traceback (most recent call last):
  File "/home/jeremias/Documentos/pasta_de_projetos/click-coockie/uteis/tratamento_bot/bot.py", line 140, in contrucoes
    for con in contrucao:
TypeError: 'WebElement' object is not iterable
[23:18:52][ERROR] - Houve um erro ao tentar comprar contrução: 'WebElement' object is not iterable
Traceback (most recent call last):
  File "/home/jeremias/Documentos/pasta_de_projetos/click-coockie/uteis/tratamento_bot/bot.py", line 140, in contrucoes
    for con in contrucao:
TypeError: 'WebElement' object is not iterable
[23:19:05][ERROR] - Houve um erro ao tentar comprar contrução: 'WebElement' object is not iterable
Traceback (most recent call last):
  File "/home/jeremias/Documentos/pasta_de_projetos/click-coockie/uteis/tratamento_bot/bot.py", line 140, in contrucoes
    for con in contrucao:
TypeError: 'WebElement' object is not iterable
[23:19:18][ERROR] - Houve um erro ao tentar comprar contrução: 'WebElement' object is not iterable
Traceback (most recent call last):
  File "/home/jeremias/Documentos/pasta_de_projetos/click-coockie/uteis/tratamento_bot/bot.py", line 140, in contrucoes
    for con in contrucao:
TypeError: 'WebElement' object is not iterable
[23:19:37][ERROR] - Houve um erro ao tentar comprar contrução: 'WebElement' object is not iterable
Traceback (most recent call last):
  File "/home/jeremias/Documentos/pasta_de_projetos/click-coockie/uteis/tratamento_bot/bot.py", line 140, in contrucoes
    for con in contrucao:
TypeError: 'WebElement' object is not iterable
[23:19:59][ERROR] - Houve um erro ao tentar comprar contrução: 'WebElement' object is not iterable
Traceback (most recent call last):
  File "/home/jeremias/Documentos/pasta_de_projetos/click-coockie/uteis/tratamento_bot/bot.py", line 140, in contrucoes
    for con in contrucao:
TypeError: 'WebElement' object is not iterable
[23:20:20][ERROR] - Houve um erro ao tentar comprar contrução: 'WebElement' object is not iterable
Traceback (most recent call last):
  File "/home/jeremias/Documentos/pasta_de_projetos/click-coockie/uteis/tratamento_bot/bot.py", line 140, in contrucoes
    for con in contrucao:
TypeError: 'WebElement' object is not iterable
[23:20:48][ERROR] - Houve um erro inesperado na clicagem do big cockie: Message: no such window: target window already closed
from unknown error: web view not found
  (Session info: chrome=150.0.7871.114)
Stacktrace:
#0 0x60f31100344a <unknown>
#1 0x60f3109db8c9 <unknown>
#2 0x60f3109aee68 <unknown>
#3 0x60f310a5f058 <unknown>
#4 0x60f310a78ef8 <unknown>
#5 0x60f310a243ff <unknown>
#6 0x60f310a25261 <unknown>
#7 0x60f310fc8cc7 <unknown>
#8 0x60f310fc74a8 <unknown>
#9 0x60f310fb2196 <unknown>
#10 0x60f310fc806a <unknown>
#11 0x60f310f9a020 <unknown>
#12 0x60f310feeb98 <unknown>
#13 0x60f310feed35 <unknown>
#14 0x60f311001ffe <unknown>
#15 0x78207069cb84 <unknown>
#16 0x782070729d6c <unknown>
Traceback (most recent call last):
  File "/home/jeremias/Documentos/pasta_de_projetos/click-coockie/uteis/tratamento_bot/bot.py", line 91, in cliques
    big_cockie = self.bot.find_element(
                 ^^^^^^^^^^^^^^^^^^^^^^
  File "/home/jeremias/Documentos/pasta_de_projetos/click-coockie/.venv/lib/python3.12/site-packages/botcity/web/bot.py", line 1327, in find_element
    ).until(
      ^^^^^^
  File "/home/jeremias/Documentos/pasta_de_projetos/click-coockie/.venv/lib/python3.12/site-packages/selenium/webdriver/support/wait.py", line 112, in until
    value = method(self._driver)
            ^^^^^^^^^^^^^^^^^^^^
  File "/home/jeremias/Documentos/pasta_de_projetos/click-coockie/.venv/lib/python3.12/site-packages/selenium/webdriver/support/expected_conditions.py", line 96, in _predicate
    return driver.find_element(*locator)
           ^^^^^^^^^^^^^^^^^^^^^^^^^^^^^
  File "/home/jeremias/Documentos/pasta_de_projetos/click-coockie/.venv/lib/python3.12/site-packages/selenium/webdriver/remote/webdriver.py", line 910, in find_element
    return self.execute(Command.FIND_ELEMENT, {"using": by, "value": value})["value"]
           ^^^^^^^^^^^^^^^^^^^^^^^^^^^^^^^^^^^^^^^^^^^^^^^^^^^^^^^^^^^^^^^^^
  File "/home/jeremias/Documentos/pasta_de_projetos/click-coockie/.venv/lib/python3.12/site-packages/selenium/webdriver/remote/webdriver.py", line 503, in execute
    self.error_handler.check_response(response)
  File "/home/jeremias/Documentos/pasta_de_projetos/click-coockie/.venv/lib/python3.12/site-packages/selenium/webdriver/remote/errorhandler.py", line 232, in check_response
    raise exception_class(message, screen, stacktrace)
selenium.common.exceptions.NoSuchWindowException: Message: no such window: target window already closed
from unknown error: web view not found
  (Session info: chrome=150.0.7871.114)
Stacktrace:
#0 0x60f31100344a <unknown>
#1 0x60f3109db8c9 <unknown>
#2 0x60f3109aee68 <unknown>
#3 0x60f310a5f058 <unknown>
#4 0x60f310a78ef8 <unknown>
#5 0x60f310a243ff <unknown>
#6 0x60f310a25261 <unknown>
#7 0x60f310fc8cc7 <unknown>
#8 0x60f310fc74a8 <unknown>
#9 0x60f310fb2196 <unknown>
#10 0x60f310fc806a <unknown>
#11 0x60f310f9a020 <unknown>
#12 0x60f310feeb98 <unknown>
#13 0x60f310feed35 <unknown>
#14 0x60f311001ffe <unknown>
#15 0x78207069cb84 <unknown>
#16 0x782070729d6c <unknown>

[23:21:46][INFO] - patching driver executable /home/jeremias/.local/share/undetected_chromedriver/undetected_chromedriver
[23:21:52][INFO] - patching driver executable /home/jeremias/.local/share/undetected_chromedriver/undetected_chromedriver
[23:22:01][INFO] - Navegador foi aberto!!
[23:22:15][INFO] - Idioma PT-BR selecionado!!
[23:22:15][INFO] - O robô começou a clicar
[23:24:54][ERROR] - Houve um erro disconhecido ao tentar comprar upgrades: Message: stale element reference: stale element not found in the current frame
  (Session info: chrome=150.0.7871.114); For documentation on this error, please visit: https://www.selenium.dev/documentation/webdriver/troubleshooting/errors#staleelementreferenceexception
Stacktrace:
#0 0x603548ecd44a <unknown>
#1 0x6035488a58c9 <unknown>
#2 0x6035488ac937 <unknown>
#3 0x6035488af32b <unknown>
#4 0x6035488af3d3 <unknown>
#5 0x6035488fcdc0 <unknown>
#6 0x6035488f0307 <unknown>
#7 0x6035488efcd7 <unknown>
#8 0x60354894355d <unknown>
#9 0x6035488ee3ff <unknown>
#10 0x6035488ef261 <unknown>
#11 0x603548e92cc7 <unknown>
#12 0x603548e914a8 <unknown>
#13 0x603548e7c196 <unknown>
#14 0x603548e9206a <unknown>
#15 0x603548e64020 <unknown>
#16 0x603548eb8b98 <unknown>
#17 0x603548eb8d35 <unknown>
#18 0x603548ecbffe <unknown>
#19 0x72bebe09cb84 <unknown>
#20 0x72bebe129d6c <unknown>
Traceback (most recent call last):
  File "/home/jeremias/Documentos/pasta_de_projetos/click-coockie/uteis/tratamento_bot/bot.py", line 122, in melhorias
    upgrade0.click()
  File "/home/jeremias/Documentos/pasta_de_projetos/click-coockie/.venv/lib/python3.12/site-packages/selenium/webdriver/remote/webelement.py", line 114, in click
    self._execute(Command.CLICK_ELEMENT)
  File "/home/jeremias/Documentos/pasta_de_projetos/click-coockie/.venv/lib/python3.12/site-packages/selenium/webdriver/remote/webelement.py", line 508, in _execute
    return self._parent.execute(command, params)
           ^^^^^^^^^^^^^^^^^^^^^^^^^^^^^^^^^^^^^
  File "/home/jeremias/Documentos/pasta_de_projetos/click-coockie/.venv/lib/python3.12/site-packages/selenium/webdriver/remote/webdriver.py", line 503, in execute
    self.error_handler.check_response(response)
  File "/home/jeremias/Documentos/pasta_de_projetos/click-coockie/.venv/lib/python3.12/site-packages/selenium/webdriver/remote/errorhandler.py", line 232, in check_response
    raise exception_class(message, screen, stacktrace)
selenium.common.exceptions.StaleElementReferenceException: Message: stale element reference: stale element not found in the current frame
  (Session info: chrome=150.0.7871.114); For documentation on this error, please visit: https://www.selenium.dev/documentation/webdriver/troubleshooting/errors#staleelementreferenceexception
Stacktrace:
#0 0x603548ecd44a <unknown>
#1 0x6035488a58c9 <unknown>
#2 0x6035488ac937 <unknown>
#3 0x6035488af32b <unknown>
#4 0x6035488af3d3 <unknown>
#5 0x6035488fcdc0 <unknown>
#6 0x6035488f0307 <unknown>
#7 0x6035488efcd7 <unknown>
#8 0x60354894355d <unknown>
#9 0x6035488ee3ff <unknown>
#10 0x6035488ef261 <unknown>
#11 0x603548e92cc7 <unknown>
#12 0x603548e914a8 <unknown>
#13 0x603548e7c196 <unknown>
#14 0x603548e9206a <unknown>
#15 0x603548e64020 <unknown>
#16 0x603548eb8b98 <unknown>
#17 0x603548eb8d35 <unknown>
#18 0x603548ecbffe <unknown>
#19 0x72bebe09cb84 <unknown>
#20 0x72bebe129d6c <unknown>

[23:26:36][ERROR] - Houve um erro disconhecido ao tentar comprar upgrades: Message: stale element reference: stale element not found in the current frame
  (Session info: chrome=150.0.7871.114); For documentation on this error, please visit: https://www.selenium.dev/documentation/webdriver/troubleshooting/errors#staleelementreferenceexception
Stacktrace:
#0 0x603548ecd44a <unknown>
#1 0x6035488a58c9 <unknown>
#2 0x6035488ac937 <unknown>
#3 0x6035488af32b <unknown>
#4 0x6035488af3d3 <unknown>
#5 0x6035488fe043 <unknown>
#6 0x6035488fc0e3 <unknown>
#7 0x6035488f0392 <unknown>
#8 0x6035488efcd7 <unknown>
#9 0x60354894355d <unknown>
#10 0x6035488ee3ff <unknown>
#11 0x6035488ef261 <unknown>
#12 0x603548e92cc7 <unknown>
#13 0x603548e914a8 <unknown>
#14 0x603548e7c196 <unknown>
#15 0x603548e9206a <unknown>
#16 0x603548e64020 <unknown>
#17 0x603548eb8b98 <unknown>
#18 0x603548eb8d35 <unknown>
#19 0x603548ecbffe <unknown>
#20 0x72bebe09cb84 <unknown>
#21 0x72bebe129d6c <unknown>
Traceback (most recent call last):
  File "/home/jeremias/Documentos/pasta_de_projetos/click-coockie/uteis/tratamento_bot/bot.py", line 122, in melhorias
    upgrade0.click()
  File "/home/jeremias/Documentos/pasta_de_projetos/click-coockie/.venv/lib/python3.12/site-packages/selenium/webdriver/remote/webelement.py", line 114, in click
    self._execute(Command.CLICK_ELEMENT)
  File "/home/jeremias/Documentos/pasta_de_projetos/click-coockie/.venv/lib/python3.12/site-packages/selenium/webdriver/remote/webelement.py", line 508, in _execute
    return self._parent.execute(command, params)
           ^^^^^^^^^^^^^^^^^^^^^^^^^^^^^^^^^^^^^
  File "/home/jeremias/Documentos/pasta_de_projetos/click-coockie/.venv/lib/python3.12/site-packages/selenium/webdriver/remote/webdriver.py", line 503, in execute
    self.error_handler.check_response(response)
  File "/home/jeremias/Documentos/pasta_de_projetos/click-coockie/.venv/lib/python3.12/site-packages/selenium/webdriver/remote/errorhandler.py", line 232, in check_response
    raise exception_class(message, screen, stacktrace)
selenium.common.exceptions.StaleElementReferenceException: Message: stale element reference: stale element not found in the current frame
  (Session info: chrome=150.0.7871.114); For documentation on this error, please visit: https://www.selenium.dev/documentation/webdriver/troubleshooting/errors#staleelementreferenceexception
Stacktrace:
#0 0x603548ecd44a <unknown>
#1 0x6035488a58c9 <unknown>
#2 0x6035488ac937 <unknown>
#3 0x6035488af32b <unknown>
#4 0x6035488af3d3 <unknown>
#5 0x6035488fe043 <unknown>
#6 0x6035488fc0e3 <unknown>
#7 0x6035488f0392 <unknown>
#8 0x6035488efcd7 <unknown>
#9 0x60354894355d <unknown>
#10 0x6035488ee3ff <unknown>
#11 0x6035488ef261 <unknown>
#12 0x603548e92cc7 <unknown>
#13 0x603548e914a8 <unknown>
#14 0x603548e7c196 <unknown>
#15 0x603548e9206a <unknown>
#16 0x603548e64020 <unknown>
#17 0x603548eb8b98 <unknown>
#18 0x603548eb8d35 <unknown>
#19 0x603548ecbffe <unknown>
#20 0x72bebe09cb84 <unknown>
#21 0x72bebe129d6c <unknown>

[00:00:59][ERROR] - Houve um erro disconhecido ao tentar comprar upgrades: Message: stale element reference: stale element not found in the current frame
  (Session info: chrome=150.0.7871.114); For documentation on this error, please visit: https://www.selenium.dev/documentation/webdriver/troubleshooting/errors#staleelementreferenceexception
Stacktrace:
#0 0x603548ecd44a <unknown>
#1 0x6035488a58c9 <unknown>
#2 0x6035488ac937 <unknown>
#3 0x6035488af62b <unknown>
#4 0x603548944661 <unknown>
#5 0x60354894355d <unknown>
#6 0x6035488ee3ff <unknown>
#7 0x6035488ef261 <unknown>
#8 0x603548e92cc7 <unknown>
#9 0x603548e914a8 <unknown>
#10 0x603548e7c196 <unknown>
#11 0x603548e9206a <unknown>
#12 0x603548e64020 <unknown>
#13 0x603548eb8b98 <unknown>
#14 0x603548eb8d35 <unknown>
#15 0x603548ecbffe <unknown>
#16 0x72bebe09cb84 <unknown>
#17 0x72bebe129d6c <unknown>
Traceback (most recent call last):
  File "/home/jeremias/Documentos/pasta_de_projetos/click-coockie/uteis/tratamento_bot/bot.py", line 115, in melhorias
    upgrade0 = self.bot.find_element(
               ^^^^^^^^^^^^^^^^^^^^^^
  File "/home/jeremias/Documentos/pasta_de_projetos/click-coockie/.venv/lib/python3.12/site-packages/botcity/web/bot.py", line 1327, in find_element
    ).until(
      ^^^^^^
  File "/home/jeremias/Documentos/pasta_de_projetos/click-coockie/.venv/lib/python3.12/site-packages/selenium/webdriver/support/wait.py", line 112, in until
    value = method(self._driver)
            ^^^^^^^^^^^^^^^^^^^^
  File "/home/jeremias/Documentos/pasta_de_projetos/click-coockie/.venv/lib/python3.12/site-packages/selenium/webdriver/support/expected_conditions.py", line 519, in _predicate
    element = visibility_of(target)(driver)
              ^^^^^^^^^^^^^^^^^^^^^^^^^^^^^
  File "/home/jeremias/Documentos/pasta_de_projetos/click-coockie/.venv/lib/python3.12/site-packages/selenium/webdriver/support/expected_conditions.py", line 212, in _predicate
    return _element_if_visible(element)
           ^^^^^^^^^^^^^^^^^^^^^^^^^^^^
  File "/home/jeremias/Documentos/pasta_de_projetos/click-coockie/.venv/lib/python3.12/site-packages/selenium/webdriver/support/expected_conditions.py", line 227, in _element_if_visible
    return element if element.is_displayed() == visibility else False
                      ^^^^^^^^^^^^^^^^^^^^^^
  File "/home/jeremias/Documentos/pasta_de_projetos/click-coockie/.venv/lib/python3.12/site-packages/selenium/webdriver/remote/webelement.py", line 308, in is_displayed
    return self.parent.execute_script(f"/* isDisplayed */return ({isDisplayed_js}).apply(null, arguments);", self)
           ^^^^^^^^^^^^^^^^^^^^^^^^^^^^^^^^^^^^^^^^^^^^^^^^^^^^^^^^^^^^^^^^^^^^^^^^^^^^^^^^^^^^^^^^^^^^^^^^^^^^^^^
  File "/home/jeremias/Documentos/pasta_de_projetos/click-coockie/.venv/lib/python3.12/site-packages/selenium/webdriver/remote/webdriver.py", line 613, in execute_script
    return self.execute(command, {"script": script, "args": converted_args})["value"]
           ^^^^^^^^^^^^^^^^^^^^^^^^^^^^^^^^^^^^^^^^^^^^^^^^^^^^^^^^^^^^^^^^^
  File "/home/jeremias/Documentos/pasta_de_projetos/click-coockie/.venv/lib/python3.12/site-packages/selenium/webdriver/remote/webdriver.py", line 503, in execute
    self.error_handler.check_response(response)
  File "/home/jeremias/Documentos/pasta_de_projetos/click-coockie/.venv/lib/python3.12/site-packages/selenium/webdriver/remote/errorhandler.py", line 232, in check_response
    raise exception_class(message, screen, stacktrace)
selenium.common.exceptions.StaleElementReferenceException: Message: stale element reference: stale element not found in the current frame
  (Session info: chrome=150.0.7871.114); For documentation on this error, please visit: https://www.selenium.dev/documentation/webdriver/troubleshooting/errors#staleelementreferenceexception
Stacktrace:
#0 0x603548ecd44a <unknown>
#1 0x6035488a58c9 <unknown>
#2 0x6035488ac937 <unknown>
#3 0x6035488af62b <unknown>
#4 0x603548944661 <unknown>
#5 0x60354894355d <unknown>
#6 0x6035488ee3ff <unknown>
#7 0x6035488ef261 <unknown>
#8 0x603548e92cc7 <unknown>
#9 0x603548e914a8 <unknown>
#10 0x603548e7c196 <unknown>
#11 0x603548e9206a <unknown>
#12 0x603548e64020 <unknown>
#13 0x603548eb8b98 <unknown>
#14 0x603548eb8d35 <unknown>
#15 0x603548ecbffe <unknown>
#16 0x72bebe09cb84 <unknown>
#17 0x72bebe129d6c <unknown>

[00:01:22][ERROR] - Houve um erro disconhecido ao tentar comprar upgrades: Message: stale element reference: stale element not found in the current frame
  (Session info: chrome=150.0.7871.114); For documentation on this error, please visit: https://www.selenium.dev/documentation/webdriver/troubleshooting/errors#staleelementreferenceexception
Stacktrace:
#0 0x603548ecd44a <unknown>
#1 0x6035488a58c9 <unknown>
#2 0x6035488ac937 <unknown>
#3 0x6035488af32b <unknown>
#4 0x6035488af3d3 <unknown>
#5 0x6035488fe043 <unknown>
#6 0x6035488fc0e3 <unknown>
#7 0x6035488f0392 <unknown>
#8 0x6035488efcd7 <unknown>
#9 0x60354894355d <unknown>
#10 0x6035488ee3ff <unknown>
#11 0x6035488ef261 <unknown>
#12 0x603548e92cc7 <unknown>
#13 0x603548e914a8 <unknown>
#14 0x603548e7c196 <unknown>
#15 0x603548e9206a <unknown>
#16 0x603548e64020 <unknown>
#17 0x603548eb8b98 <unknown>
#18 0x603548eb8d35 <unknown>
#19 0x603548ecbffe <unknown>
#20 0x72bebe09cb84 <unknown>
#21 0x72bebe129d6c <unknown>
Traceback (most recent call last):
  File "/home/jeremias/Documentos/pasta_de_projetos/click-coockie/uteis/tratamento_bot/bot.py", line 122, in melhorias
    upgrade0.click()
  File "/home/jeremias/Documentos/pasta_de_projetos/click-coockie/.venv/lib/python3.12/site-packages/selenium/webdriver/remote/webelement.py", line 114, in click
    self._execute(Command.CLICK_ELEMENT)
  File "/home/jeremias/Documentos/pasta_de_projetos/click-coockie/.venv/lib/python3.12/site-packages/selenium/webdriver/remote/webelement.py", line 508, in _execute
    return self._parent.execute(command, params)
           ^^^^^^^^^^^^^^^^^^^^^^^^^^^^^^^^^^^^^
  File "/home/jeremias/Documentos/pasta_de_projetos/click-coockie/.venv/lib/python3.12/site-packages/selenium/webdriver/remote/webdriver.py", line 503, in execute
    self.error_handler.check_response(response)
  File "/home/jeremias/Documentos/pasta_de_projetos/click-coockie/.venv/lib/python3.12/site-packages/selenium/webdriver/remote/errorhandler.py", line 232, in check_response
    raise exception_class(message, screen, stacktrace)
selenium.common.exceptions.StaleElementReferenceException: Message: stale element reference: stale element not found in the current frame
  (Session info: chrome=150.0.7871.114); For documentation on this error, please visit: https://www.selenium.dev/documentation/webdriver/troubleshooting/errors#staleelementreferenceexception
Stacktrace:
#0 0x603548ecd44a <unknown>
#1 0x6035488a58c9 <unknown>
#2 0x6035488ac937 <unknown>
#3 0x6035488af32b <unknown>
#4 0x6035488af3d3 <unknown>
#5 0x6035488fe043 <unknown>
#6 0x6035488fc0e3 <unknown>
#7 0x6035488f0392 <unknown>
#8 0x6035488efcd7 <unknown>
#9 0x60354894355d <unknown>
#10 0x6035488ee3ff <unknown>
#11 0x6035488ef261 <unknown>
#12 0x603548e92cc7 <unknown>
#13 0x603548e914a8 <unknown>
#14 0x603548e7c196 <unknown>
#15 0x603548e9206a <unknown>
#16 0x603548e64020 <unknown>
#17 0x603548eb8b98 <unknown>
#18 0x603548eb8d35 <unknown>
#19 0x603548ecbffe <unknown>
#20 0x72bebe09cb84 <unknown>
#21 0x72bebe129d6c <unknown>

[00:05:33][ERROR] - Houve um erro disconhecido ao tentar comprar upgrades: Message: stale element reference: stale element not found in the current frame
  (Session info: chrome=150.0.7871.114); For documentation on this error, please visit: https://www.selenium.dev/documentation/webdriver/troubleshooting/errors#staleelementreferenceexception
Stacktrace:
#0 0x603548ecd44a <unknown>
#1 0x6035488a58c9 <unknown>
#2 0x6035488ac937 <unknown>
#3 0x6035488af32b <unknown>
#4 0x6035488af3d3 <unknown>
#5 0x6035488fd113 <unknown>
#6 0x6035488fc36a <unknown>
#7 0x6035488f0392 <unknown>
#8 0x6035488efcd7 <unknown>
#9 0x60354894355d <unknown>
#10 0x6035488ee3ff <unknown>
#11 0x6035488ef261 <unknown>
#12 0x603548e92cc7 <unknown>
#13 0x603548e914a8 <unknown>
#14 0x603548e7c196 <unknown>
#15 0x603548e9206a <unknown>
#16 0x603548e64020 <unknown>
#17 0x603548eb8b98 <unknown>
#18 0x603548eb8d35 <unknown>
#19 0x603548ecbffe <unknown>
#20 0x72bebe09cb84 <unknown>
#21 0x72bebe129d6c <unknown>
Traceback (most recent call last):
  File "/home/jeremias/Documentos/pasta_de_projetos/click-coockie/uteis/tratamento_bot/bot.py", line 122, in melhorias
    upgrade0.click()
  File "/home/jeremias/Documentos/pasta_de_projetos/click-coockie/.venv/lib/python3.12/site-packages/selenium/webdriver/remote/webelement.py", line 114, in click
    self._execute(Command.CLICK_ELEMENT)
  File "/home/jeremias/Documentos/pasta_de_projetos/click-coockie/.venv/lib/python3.12/site-packages/selenium/webdriver/remote/webelement.py", line 508, in _execute
    return self._parent.execute(command, params)
           ^^^^^^^^^^^^^^^^^^^^^^^^^^^^^^^^^^^^^
  File "/home/jeremias/Documentos/pasta_de_projetos/click-coockie/.venv/lib/python3.12/site-packages/selenium/webdriver/remote/webdriver.py", line 503, in execute
    self.error_handler.check_response(response)
  File "/home/jeremias/Documentos/pasta_de_projetos/click-coockie/.venv/lib/python3.12/site-packages/selenium/webdriver/remote/errorhandler.py", line 232, in check_response
    raise exception_class(message, screen, stacktrace)
selenium.common.exceptions.StaleElementReferenceException: Message: stale element reference: stale element not found in the current frame
  (Session info: chrome=150.0.7871.114); For documentation on this error, please visit: https://www.selenium.dev/documentation/webdriver/troubleshooting/errors#staleelementreferenceexception
Stacktrace:
#0 0x603548ecd44a <unknown>
#1 0x6035488a58c9 <unknown>
#2 0x6035488ac937 <unknown>
#3 0x6035488af32b <unknown>
#4 0x6035488af3d3 <unknown>
#5 0x6035488fd113 <unknown>
#6 0x6035488fc36a <unknown>
#7 0x6035488f0392 <unknown>
#8 0x6035488efcd7 <unknown>
#9 0x60354894355d <unknown>
#10 0x6035488ee3ff <unknown>
#11 0x6035488ef261 <unknown>
#12 0x603548e92cc7 <unknown>
#13 0x603548e914a8 <unknown>
#14 0x603548e7c196 <unknown>
#15 0x603548e9206a <unknown>
#16 0x603548e64020 <unknown>
#17 0x603548eb8b98 <unknown>
#18 0x603548eb8d35 <unknown>
#19 0x603548ecbffe <unknown>
#20 0x72bebe09cb84 <unknown>
#21 0x72bebe129d6c <unknown>

[00:33:37][ERROR] - Houve um erro ao tentar comprar contrução: Message: element click intercepted: Element <div class="product unlocked enabled" onmouseout="Game.tooltip.shouldHide=1;" onmouseover="Game.tooltip.dynamic=1;Game.tooltip.draw(this,function(){return Game.ObjectsById[4].tooltip();},'store');Game.tooltip.wobble();" id="product4">...</div> is not clickable at point (1755, 804). Other element would receive the click: <div class="cc_banner cc_container cc_container--open">...</div>
  (Session info: chrome=150.0.7871.114); For documentation on this error, please visit: https://www.selenium.dev/documentation/webdriver/troubleshooting/errors#elementclickinterceptedexception
Stacktrace:
#0 0x603548ecd44a <unknown>
#1 0x6035488a58c9 <unknown>
#2 0x6035489019d5 <unknown>
#3 0x6035488ffab2 <unknown>
#4 0x6035488fd49c <unknown>
#5 0x6035488fc587 <unknown>
#6 0x6035488f0392 <unknown>
#7 0x6035488efcd7 <unknown>
#8 0x60354894355d <unknown>
#9 0x6035488ee3ff <unknown>
#10 0x6035488ef261 <unknown>
#11 0x603548e92cc7 <unknown>
#12 0x603548e914a8 <unknown>
#13 0x603548e7c196 <unknown>
#14 0x603548e9206a <unknown>
#15 0x603548e64020 <unknown>
#16 0x603548eb8b98 <unknown>
#17 0x603548eb8d35 <unknown>
#18 0x603548ecbffe <unknown>
#19 0x72bebe09cb84 <unknown>
#20 0x72bebe129d6c <unknown>
Traceback (most recent call last):
  File "/home/jeremias/Documentos/pasta_de_projetos/click-coockie/uteis/tratamento_bot/bot.py", line 141, in contrucoes
    con.click()
  File "/home/jeremias/Documentos/pasta_de_projetos/click-coockie/.venv/lib/python3.12/site-packages/selenium/webdriver/remote/webelement.py", line 114, in click
    self._execute(Command.CLICK_ELEMENT)
  File "/home/jeremias/Documentos/pasta_de_projetos/click-coockie/.venv/lib/python3.12/site-packages/selenium/webdriver/remote/webelement.py", line 508, in _execute
    return self._parent.execute(command, params)
           ^^^^^^^^^^^^^^^^^^^^^^^^^^^^^^^^^^^^^
  File "/home/jeremias/Documentos/pasta_de_projetos/click-coockie/.venv/lib/python3.12/site-packages/selenium/webdriver/remote/webdriver.py", line 503, in execute
    self.error_handler.check_response(response)
  File "/home/jeremias/Documentos/pasta_de_projetos/click-coockie/.venv/lib/python3.12/site-packages/selenium/webdriver/remote/errorhandler.py", line 232, in check_response
    raise exception_class(message, screen, stacktrace)
selenium.common.exceptions.ElementClickInterceptedException: Message: element click intercepted: Element <div class="product unlocked enabled" onmouseout="Game.tooltip.shouldHide=1;" onmouseover="Game.tooltip.dynamic=1;Game.tooltip.draw(this,function(){return Game.ObjectsById[4].tooltip();},'store');Game.tooltip.wobble();" id="product4">...</div> is not clickable at point (1755, 804). Other element would receive the click: <div class="cc_banner cc_container cc_container--open">...</div>
  (Session info: chrome=150.0.7871.114); For documentation on this error, please visit: https://www.selenium.dev/documentation/webdriver/troubleshooting/errors#elementclickinterceptedexception
Stacktrace:
#0 0x603548ecd44a <unknown>
#1 0x6035488a58c9 <unknown>
#2 0x6035489019d5 <unknown>
#3 0x6035488ffab2 <unknown>
#4 0x6035488fd49c <unknown>
#5 0x6035488fc587 <unknown>
#6 0x6035488f0392 <unknown>
#7 0x6035488efcd7 <unknown>
#8 0x60354894355d <unknown>
#9 0x6035488ee3ff <unknown>
#10 0x6035488ef261 <unknown>
#11 0x603548e92cc7 <unknown>
#12 0x603548e914a8 <unknown>
#13 0x603548e7c196 <unknown>
#14 0x603548e9206a <unknown>
#15 0x603548e64020 <unknown>
#16 0x603548eb8b98 <unknown>
#17 0x603548eb8d35 <unknown>
#18 0x603548ecbffe <unknown>
#19 0x72bebe09cb84 <unknown>
#20 0x72bebe129d6c <unknown>

[00:34:02][ERROR] - Houve um erro ao tentar comprar contrução: Message: element click intercepted: Element <div class="product unlocked enabled" onmouseout="Game.tooltip.shouldHide=1;" onmouseover="Game.tooltip.dynamic=1;Game.tooltip.draw(this,function(){return Game.ObjectsById[4].tooltip();},'store');Game.tooltip.wobble();" id="product4">...</div> is not clickable at point (1755, 804). Other element would receive the click: <div class="cc_banner cc_container cc_container--open">...</div>
  (Session info: chrome=150.0.7871.114); For documentation on this error, please visit: https://www.selenium.dev/documentation/webdriver/troubleshooting/errors#elementclickinterceptedexception
Stacktrace:
#0 0x603548ecd44a <unknown>
#1 0x6035488a58c9 <unknown>
#2 0x6035489019d5 <unknown>
#3 0x6035488ffab2 <unknown>
#4 0x6035488fd49c <unknown>
#5 0x6035488fc587 <unknown>
#6 0x6035488f0392 <unknown>
#7 0x6035488efcd7 <unknown>
#8 0x60354894355d <unknown>
#9 0x6035488ee3ff <unknown>
#10 0x6035488ef261 <unknown>
#11 0x603548e92cc7 <unknown>
#12 0x603548e914a8 <unknown>
#13 0x603548e7c196 <unknown>
#14 0x603548e9206a <unknown>
#15 0x603548e64020 <unknown>
#16 0x603548eb8b98 <unknown>
#17 0x603548eb8d35 <unknown>
#18 0x603548ecbffe <unknown>
#19 0x72bebe09cb84 <unknown>
#20 0x72bebe129d6c <unknown>
Traceback (most recent call last):
  File "/home/jeremias/Documentos/pasta_de_projetos/click-coockie/uteis/tratamento_bot/bot.py", line 141, in contrucoes
    con.click()
  File "/home/jeremias/Documentos/pasta_de_projetos/click-coockie/.venv/lib/python3.12/site-packages/selenium/webdriver/remote/webelement.py", line 114, in click
    self._execute(Command.CLICK_ELEMENT)
  File "/home/jeremias/Documentos/pasta_de_projetos/click-coockie/.venv/lib/python3.12/site-packages/selenium/webdriver/remote/webelement.py", line 508, in _execute
    return self._parent.execute(command, params)
           ^^^^^^^^^^^^^^^^^^^^^^^^^^^^^^^^^^^^^
  File "/home/jeremias/Documentos/pasta_de_projetos/click-coockie/.venv/lib/python3.12/site-packages/selenium/webdriver/remote/webdriver.py", line 503, in execute
    self.error_handler.check_response(response)
  File "/home/jeremias/Documentos/pasta_de_projetos/click-coockie/.venv/lib/python3.12/site-packages/selenium/webdriver/remote/errorhandler.py", line 232, in check_response
    raise exception_class(message, screen, stacktrace)
selenium.common.exceptions.ElementClickInterceptedException: Message: element click intercepted: Element <div class="product unlocked enabled" onmouseout="Game.tooltip.shouldHide=1;" onmouseover="Game.tooltip.dynamic=1;Game.tooltip.draw(this,function(){return Game.ObjectsById[4].tooltip();},'store');Game.tooltip.wobble();" id="product4">...</div> is not clickable at point (1755, 804). Other element would receive the click: <div class="cc_banner cc_container cc_container--open">...</div>
  (Session info: chrome=150.0.7871.114); For documentation on this error, please visit: https://www.selenium.dev/documentation/webdriver/troubleshooting/errors#elementclickinterceptedexception
Stacktrace:
#0 0x603548ecd44a <unknown>
#1 0x6035488a58c9 <unknown>
#2 0x6035489019d5 <unknown>
#3 0x6035488ffab2 <unknown>
#4 0x6035488fd49c <unknown>
#5 0x6035488fc587 <unknown>
#6 0x6035488f0392 <unknown>
#7 0x6035488efcd7 <unknown>
#8 0x60354894355d <unknown>
#9 0x6035488ee3ff <unknown>
#10 0x6035488ef261 <unknown>
#11 0x603548e92cc7 <unknown>
#12 0x603548e914a8 <unknown>
#13 0x603548e7c196 <unknown>
#14 0x603548e9206a <unknown>
#15 0x603548e64020 <unknown>
#16 0x603548eb8b98 <unknown>
#17 0x603548eb8d35 <unknown>
#18 0x603548ecbffe <unknown>
#19 0x72bebe09cb84 <unknown>
#20 0x72bebe129d6c <unknown>

[00:34:28][ERROR] - Houve um erro ao tentar comprar contrução: Message: element click intercepted: Element <div class="product unlocked enabled" onmouseout="Game.tooltip.shouldHide=1;" onmouseover="Game.tooltip.dynamic=1;Game.tooltip.draw(this,function(){return Game.ObjectsById[4].tooltip();},'store');Game.tooltip.wobble();" id="product4">...</div> is not clickable at point (1755, 804). Other element would receive the click: <div class="cc_banner cc_container cc_container--open">...</div>
  (Session info: chrome=150.0.7871.114); For documentation on this error, please visit: https://www.selenium.dev/documentation/webdriver/troubleshooting/errors#elementclickinterceptedexception
Stacktrace:
#0 0x603548ecd44a <unknown>
#1 0x6035488a58c9 <unknown>
#2 0x6035489019d5 <unknown>
#3 0x6035488ffab2 <unknown>
#4 0x6035488fd49c <unknown>
#5 0x6035488fc587 <unknown>
#6 0x6035488f0392 <unknown>
#7 0x6035488efcd7 <unknown>
#8 0x60354894355d <unknown>
#9 0x6035488ee3ff <unknown>
#10 0x6035488ef261 <unknown>
#11 0x603548e92cc7 <unknown>
#12 0x603548e914a8 <unknown>
#13 0x603548e7c196 <unknown>
#14 0x603548e9206a <unknown>
#15 0x603548e64020 <unknown>
#16 0x603548eb8b98 <unknown>
#17 0x603548eb8d35 <unknown>
#18 0x603548ecbffe <unknown>
#19 0x72bebe09cb84 <unknown>
#20 0x72bebe129d6c <unknown>
Traceback (most recent call last):
  File "/home/jeremias/Documentos/pasta_de_projetos/click-coockie/uteis/tratamento_bot/bot.py", line 141, in contrucoes
    con.click()
  File "/home/jeremias/Documentos/pasta_de_projetos/click-coockie/.venv/lib/python3.12/site-packages/selenium/webdriver/remote/webelement.py", line 114, in click
    self._execute(Command.CLICK_ELEMENT)
  File "/home/jeremias/Documentos/pasta_de_projetos/click-coockie/.venv/lib/python3.12/site-packages/selenium/webdriver/remote/webelement.py", line 508, in _execute
    return self._parent.execute(command, params)
           ^^^^^^^^^^^^^^^^^^^^^^^^^^^^^^^^^^^^^
  File "/home/jeremias/Documentos/pasta_de_projetos/click-coockie/.venv/lib/python3.12/site-packages/selenium/webdriver/remote/webdriver.py", line 503, in execute
    self.error_handler.check_response(response)
  File "/home/jeremias/Documentos/pasta_de_projetos/click-coockie/.venv/lib/python3.12/site-packages/selenium/webdriver/remote/errorhandler.py", line 232, in check_response
    raise exception_class(message, screen, stacktrace)
selenium.common.exceptions.ElementClickInterceptedException: Message: element click intercepted: Element <div class="product unlocked enabled" onmouseout="Game.tooltip.shouldHide=1;" onmouseover="Game.tooltip.dynamic=1;Game.tooltip.draw(this,function(){return Game.ObjectsById[4].tooltip();},'store');Game.tooltip.wobble();" id="product4">...</div> is not clickable at point (1755, 804). Other element would receive the click: <div class="cc_banner cc_container cc_container--open">...</div>
  (Session info: chrome=150.0.7871.114); For documentation on this error, please visit: https://www.selenium.dev/documentation/webdriver/troubleshooting/errors#elementclickinterceptedexception
Stacktrace:
#0 0x603548ecd44a <unknown>
#1 0x6035488a58c9 <unknown>
#2 0x6035489019d5 <unknown>
#3 0x6035488ffab2 <unknown>
#4 0x6035488fd49c <unknown>
#5 0x6035488fc587 <unknown>
#6 0x6035488f0392 <unknown>
#7 0x6035488efcd7 <unknown>
#8 0x60354894355d <unknown>
#9 0x6035488ee3ff <unknown>
#10 0x6035488ef261 <unknown>
#11 0x603548e92cc7 <unknown>
#12 0x603548e914a8 <unknown>
#13 0x603548e7c196 <unknown>
#14 0x603548e9206a <unknown>
#15 0x603548e64020 <unknown>
#16 0x603548eb8b98 <unknown>
#17 0x603548eb8d35 <unknown>
#18 0x603548ecbffe <unknown>
#19 0x72bebe09cb84 <unknown>
#20 0x72bebe129d6c <unknown>

[00:34:54][ERROR] - Houve um erro ao tentar comprar contrução: Message: element click intercepted: Element <div class="product unlocked enabled" onmouseout="Game.tooltip.shouldHide=1;" onmouseover="Game.tooltip.dynamic=1;Game.tooltip.draw(this,function(){return Game.ObjectsById[4].tooltip();},'store');Game.tooltip.wobble();" id="product4">...</div> is not clickable at point (1755, 804). Other element would receive the click: <div class="cc_banner cc_container cc_container--open">...</div>
  (Session info: chrome=150.0.7871.114); For documentation on this error, please visit: https://www.selenium.dev/documentation/webdriver/troubleshooting/errors#elementclickinterceptedexception
Stacktrace:
#0 0x603548ecd44a <unknown>
#1 0x6035488a58c9 <unknown>
#2 0x6035489019d5 <unknown>
#3 0x6035488ffab2 <unknown>
#4 0x6035488fd49c <unknown>
#5 0x6035488fc587 <unknown>
#6 0x6035488f0392 <unknown>
#7 0x6035488efcd7 <unknown>
#8 0x60354894355d <unknown>
#9 0x6035488ee3ff <unknown>
#10 0x6035488ef261 <unknown>
#11 0x603548e92cc7 <unknown>
#12 0x603548e914a8 <unknown>
#13 0x603548e7c196 <unknown>
#14 0x603548e9206a <unknown>
#15 0x603548e64020 <unknown>
#16 0x603548eb8b98 <unknown>
#17 0x603548eb8d35 <unknown>
#18 0x603548ecbffe <unknown>
#19 0x72bebe09cb84 <unknown>
#20 0x72bebe129d6c <unknown>
Traceback (most recent call last):
  File "/home/jeremias/Documentos/pasta_de_projetos/click-coockie/uteis/tratamento_bot/bot.py", line 141, in contrucoes
    con.click()
  File "/home/jeremias/Documentos/pasta_de_projetos/click-coockie/.venv/lib/python3.12/site-packages/selenium/webdriver/remote/webelement.py", line 114, in click
    self._execute(Command.CLICK_ELEMENT)
  File "/home/jeremias/Documentos/pasta_de_projetos/click-coockie/.venv/lib/python3.12/site-packages/selenium/webdriver/remote/webelement.py", line 508, in _execute
    return self._parent.execute(command, params)
           ^^^^^^^^^^^^^^^^^^^^^^^^^^^^^^^^^^^^^
  File "/home/jeremias/Documentos/pasta_de_projetos/click-coockie/.venv/lib/python3.12/site-packages/selenium/webdriver/remote/webdriver.py", line 503, in execute
    self.error_handler.check_response(response)
  File "/home/jeremias/Documentos/pasta_de_projetos/click-coockie/.venv/lib/python3.12/site-packages/selenium/webdriver/remote/errorhandler.py", line 232, in check_response
    raise exception_class(message, screen, stacktrace)
selenium.common.exceptions.ElementClickInterceptedException: Message: element click intercepted: Element <div class="product unlocked enabled" onmouseout="Game.tooltip.shouldHide=1;" onmouseover="Game.tooltip.dynamic=1;Game.tooltip.draw(this,function(){return Game.ObjectsById[4].tooltip();},'store');Game.tooltip.wobble();" id="product4">...</div> is not clickable at point (1755, 804). Other element would receive the click: <div class="cc_banner cc_container cc_container--open">...</div>
  (Session info: chrome=150.0.7871.114); For documentation on this error, please visit: https://www.selenium.dev/documentation/webdriver/troubleshooting/errors#elementclickinterceptedexception
Stacktrace:
#0 0x603548ecd44a <unknown>
#1 0x6035488a58c9 <unknown>
#2 0x6035489019d5 <unknown>
#3 0x6035488ffab2 <unknown>
#4 0x6035488fd49c <unknown>
#5 0x6035488fc587 <unknown>
#6 0x6035488f0392 <unknown>
#7 0x6035488efcd7 <unknown>
#8 0x60354894355d <unknown>
#9 0x6035488ee3ff <unknown>
#10 0x6035488ef261 <unknown>
#11 0x603548e92cc7 <unknown>
#12 0x603548e914a8 <unknown>
#13 0x603548e7c196 <unknown>
#14 0x603548e9206a <unknown>
#15 0x603548e64020 <unknown>
#16 0x603548eb8b98 <unknown>
#17 0x603548eb8d35 <unknown>
#18 0x603548ecbffe <unknown>
#19 0x72bebe09cb84 <unknown>
#20 0x72bebe129d6c <unknown>

[00:35:21][ERROR] - Houve um erro ao tentar comprar contrução: Message: element click intercepted: Element <div class="product unlocked enabled" onmouseout="Game.tooltip.shouldHide=1;" onmouseover="Game.tooltip.dynamic=1;Game.tooltip.draw(this,function(){return Game.ObjectsById[4].tooltip();},'store');Game.tooltip.wobble();" id="product4">...</div> is not clickable at point (1755, 804). Other element would receive the click: <div class="cc_banner cc_container cc_container--open">...</div>
  (Session info: chrome=150.0.7871.114); For documentation on this error, please visit: https://www.selenium.dev/documentation/webdriver/troubleshooting/errors#elementclickinterceptedexception
Stacktrace:
#0 0x603548ecd44a <unknown>
#1 0x6035488a58c9 <unknown>
#2 0x6035489019d5 <unknown>
#3 0x6035488ffab2 <unknown>
#4 0x6035488fd49c <unknown>
#5 0x6035488fc587 <unknown>
#6 0x6035488f0392 <unknown>
#7 0x6035488efcd7 <unknown>
#8 0x60354894355d <unknown>
#9 0x6035488ee3ff <unknown>
#10 0x6035488ef261 <unknown>
#11 0x603548e92cc7 <unknown>
#12 0x603548e914a8 <unknown>
#13 0x603548e7c196 <unknown>
#14 0x603548e9206a <unknown>
#15 0x603548e64020 <unknown>
#16 0x603548eb8b98 <unknown>
#17 0x603548eb8d35 <unknown>
#18 0x603548ecbffe <unknown>
#19 0x72bebe09cb84 <unknown>
#20 0x72bebe129d6c <unknown>
Traceback (most recent call last):
  File "/home/jeremias/Documentos/pasta_de_projetos/click-coockie/uteis/tratamento_bot/bot.py", line 141, in contrucoes
    con.click()
  File "/home/jeremias/Documentos/pasta_de_projetos/click-coockie/.venv/lib/python3.12/site-packages/selenium/webdriver/remote/webelement.py", line 114, in click
    self._execute(Command.CLICK_ELEMENT)
  File "/home/jeremias/Documentos/pasta_de_projetos/click-coockie/.venv/lib/python3.12/site-packages/selenium/webdriver/remote/webelement.py", line 508, in _execute
    return self._parent.execute(command, params)
           ^^^^^^^^^^^^^^^^^^^^^^^^^^^^^^^^^^^^^
  File "/home/jeremias/Documentos/pasta_de_projetos/click-coockie/.venv/lib/python3.12/site-packages/selenium/webdriver/remote/webdriver.py", line 503, in execute
    self.error_handler.check_response(response)
  File "/home/jeremias/Documentos/pasta_de_projetos/click-coockie/.venv/lib/python3.12/site-packages/selenium/webdriver/remote/errorhandler.py", line 232, in check_response
    raise exception_class(message, screen, stacktrace)
selenium.common.exceptions.ElementClickInterceptedException: Message: element click intercepted: Element <div class="product unlocked enabled" onmouseout="Game.tooltip.shouldHide=1;" onmouseover="Game.tooltip.dynamic=1;Game.tooltip.draw(this,function(){return Game.ObjectsById[4].tooltip();},'store');Game.tooltip.wobble();" id="product4">...</div> is not clickable at point (1755, 804). Other element would receive the click: <div class="cc_banner cc_container cc_container--open">...</div>
  (Session info: chrome=150.0.7871.114); For documentation on this error, please visit: https://www.selenium.dev/documentation/webdriver/troubleshooting/errors#elementclickinterceptedexception
Stacktrace:
#0 0x603548ecd44a <unknown>
#1 0x6035488a58c9 <unknown>
#2 0x6035489019d5 <unknown>
#3 0x6035488ffab2 <unknown>
#4 0x6035488fd49c <unknown>
#5 0x6035488fc587 <unknown>
#6 0x6035488f0392 <unknown>
#7 0x6035488efcd7 <unknown>
#8 0x60354894355d <unknown>
#9 0x6035488ee3ff <unknown>
#10 0x6035488ef261 <unknown>
#11 0x603548e92cc7 <unknown>
#12 0x603548e914a8 <unknown>
#13 0x603548e7c196 <unknown>
#14 0x603548e9206a <unknown>
#15 0x603548e64020 <unknown>
#16 0x603548eb8b98 <unknown>
#17 0x603548eb8d35 <unknown>
#18 0x603548ecbffe <unknown>
#19 0x72bebe09cb84 <unknown>
#20 0x72bebe129d6c <unknown>

[00:35:45][ERROR] - Houve um erro ao tentar comprar contrução: Message: element click intercepted: Element <div class="product unlocked enabled" onmouseout="Game.tooltip.shouldHide=1;" onmouseover="Game.tooltip.dynamic=1;Game.tooltip.draw(this,function(){return Game.ObjectsById[4].tooltip();},'store');Game.tooltip.wobble();" id="product4">...</div> is not clickable at point (1755, 804). Other element would receive the click: <div class="cc_banner cc_container cc_container--open">...</div>
  (Session info: chrome=150.0.7871.114); For documentation on this error, please visit: https://www.selenium.dev/documentation/webdriver/troubleshooting/errors#elementclickinterceptedexception
Stacktrace:
#0 0x603548ecd44a <unknown>
#1 0x6035488a58c9 <unknown>
#2 0x6035489019d5 <unknown>
#3 0x6035488ffab2 <unknown>
#4 0x6035488fd49c <unknown>
#5 0x6035488fc587 <unknown>
#6 0x6035488f0392 <unknown>
#7 0x6035488efcd7 <unknown>
#8 0x60354894355d <unknown>
#9 0x6035488ee3ff <unknown>
#10 0x6035488ef261 <unknown>
#11 0x603548e92cc7 <unknown>
#12 0x603548e914a8 <unknown>
#13 0x603548e7c196 <unknown>
#14 0x603548e9206a <unknown>
#15 0x603548e64020 <unknown>
#16 0x603548eb8b98 <unknown>
#17 0x603548eb8d35 <unknown>
#18 0x603548ecbffe <unknown>
#19 0x72bebe09cb84 <unknown>
#20 0x72bebe129d6c <unknown>
Traceback (most recent call last):
  File "/home/jeremias/Documentos/pasta_de_projetos/click-coockie/uteis/tratamento_bot/bot.py", line 141, in contrucoes
    con.click()
  File "/home/jeremias/Documentos/pasta_de_projetos/click-coockie/.venv/lib/python3.12/site-packages/selenium/webdriver/remote/webelement.py", line 114, in click
    self._execute(Command.CLICK_ELEMENT)
  File "/home/jeremias/Documentos/pasta_de_projetos/click-coockie/.venv/lib/python3.12/site-packages/selenium/webdriver/remote/webelement.py", line 508, in _execute
    return self._parent.execute(command, params)
           ^^^^^^^^^^^^^^^^^^^^^^^^^^^^^^^^^^^^^
  File "/home/jeremias/Documentos/pasta_de_projetos/click-coockie/.venv/lib/python3.12/site-packages/selenium/webdriver/remote/webdriver.py", line 503, in execute
    self.error_handler.check_response(response)
  File "/home/jeremias/Documentos/pasta_de_projetos/click-coockie/.venv/lib/python3.12/site-packages/selenium/webdriver/remote/errorhandler.py", line 232, in check_response
    raise exception_class(message, screen, stacktrace)
selenium.common.exceptions.ElementClickInterceptedException: Message: element click intercepted: Element <div class="product unlocked enabled" onmouseout="Game.tooltip.shouldHide=1;" onmouseover="Game.tooltip.dynamic=1;Game.tooltip.draw(this,function(){return Game.ObjectsById[4].tooltip();},'store');Game.tooltip.wobble();" id="product4">...</div> is not clickable at point (1755, 804). Other element would receive the click: <div class="cc_banner cc_container cc_container--open">...</div>
  (Session info: chrome=150.0.7871.114); For documentation on this error, please visit: https://www.selenium.dev/documentation/webdriver/troubleshooting/errors#elementclickinterceptedexception
Stacktrace:
#0 0x603548ecd44a <unknown>
#1 0x6035488a58c9 <unknown>
#2 0x6035489019d5 <unknown>
#3 0x6035488ffab2 <unknown>
#4 0x6035488fd49c <unknown>
#5 0x6035488fc587 <unknown>
#6 0x6035488f0392 <unknown>
#7 0x6035488efcd7 <unknown>
#8 0x60354894355d <unknown>
#9 0x6035488ee3ff <unknown>
#10 0x6035488ef261 <unknown>
#11 0x603548e92cc7 <unknown>
#12 0x603548e914a8 <unknown>
#13 0x603548e7c196 <unknown>
#14 0x603548e9206a <unknown>
#15 0x603548e64020 <unknown>
#16 0x603548eb8b98 <unknown>
#17 0x603548eb8d35 <unknown>
#18 0x603548ecbffe <unknown>
#19 0x72bebe09cb84 <unknown>
#20 0x72bebe129d6c <unknown>

[00:36:11][ERROR] - Houve um erro ao tentar comprar contrução: Message: element click intercepted: Element <div class="product unlocked enabled" onmouseout="Game.tooltip.shouldHide=1;" onmouseover="Game.tooltip.dynamic=1;Game.tooltip.draw(this,function(){return Game.ObjectsById[4].tooltip();},'store');Game.tooltip.wobble();" id="product4">...</div> is not clickable at point (1755, 804). Other element would receive the click: <div class="cc_banner cc_container cc_container--open">...</div>
  (Session info: chrome=150.0.7871.114); For documentation on this error, please visit: https://www.selenium.dev/documentation/webdriver/troubleshooting/errors#elementclickinterceptedexception
Stacktrace:
#0 0x603548ecd44a <unknown>
#1 0x6035488a58c9 <unknown>
#2 0x6035489019d5 <unknown>
#3 0x6035488ffab2 <unknown>
#4 0x6035488fd49c <unknown>
#5 0x6035488fc587 <unknown>
#6 0x6035488f0392 <unknown>
#7 0x6035488efcd7 <unknown>
#8 0x60354894355d <unknown>
#9 0x6035488ee3ff <unknown>
#10 0x6035488ef261 <unknown>
#11 0x603548e92cc7 <unknown>
#12 0x603548e914a8 <unknown>
#13 0x603548e7c196 <unknown>
#14 0x603548e9206a <unknown>
#15 0x603548e64020 <unknown>
#16 0x603548eb8b98 <unknown>
#17 0x603548eb8d35 <unknown>
#18 0x603548ecbffe <unknown>
#19 0x72bebe09cb84 <unknown>
#20 0x72bebe129d6c <unknown>
Traceback (most recent call last):
  File "/home/jeremias/Documentos/pasta_de_projetos/click-coockie/uteis/tratamento_bot/bot.py", line 141, in contrucoes
    con.click()
  File "/home/jeremias/Documentos/pasta_de_projetos/click-coockie/.venv/lib/python3.12/site-packages/selenium/webdriver/remote/webelement.py", line 114, in click
    self._execute(Command.CLICK_ELEMENT)
  File "/home/jeremias/Documentos/pasta_de_projetos/click-coockie/.venv/lib/python3.12/site-packages/selenium/webdriver/remote/webelement.py", line 508, in _execute
    return self._parent.execute(command, params)
           ^^^^^^^^^^^^^^^^^^^^^^^^^^^^^^^^^^^^^
  File "/home/jeremias/Documentos/pasta_de_projetos/click-coockie/.venv/lib/python3.12/site-packages/selenium/webdriver/remote/webdriver.py", line 503, in execute
    self.error_handler.check_response(response)
  File "/home/jeremias/Documentos/pasta_de_projetos/click-coockie/.venv/lib/python3.12/site-packages/selenium/webdriver/remote/errorhandler.py", line 232, in check_response
    raise exception_class(message, screen, stacktrace)
selenium.common.exceptions.ElementClickInterceptedException: Message: element click intercepted: Element <div class="product unlocked enabled" onmouseout="Game.tooltip.shouldHide=1;" onmouseover="Game.tooltip.dynamic=1;Game.tooltip.draw(this,function(){return Game.ObjectsById[4].tooltip();},'store');Game.tooltip.wobble();" id="product4">...</div> is not clickable at point (1755, 804). Other element would receive the click: <div class="cc_banner cc_container cc_container--open">...</div>
  (Session info: chrome=150.0.7871.114); For documentation on this error, please visit: https://www.selenium.dev/documentation/webdriver/troubleshooting/errors#elementclickinterceptedexception
Stacktrace:
#0 0x603548ecd44a <unknown>
#1 0x6035488a58c9 <unknown>
#2 0x6035489019d5 <unknown>
#3 0x6035488ffab2 <unknown>
#4 0x6035488fd49c <unknown>
#5 0x6035488fc587 <unknown>
#6 0x6035488f0392 <unknown>
#7 0x6035488efcd7 <unknown>
#8 0x60354894355d <unknown>
#9 0x6035488ee3ff <unknown>
#10 0x6035488ef261 <unknown>
#11 0x603548e92cc7 <unknown>
#12 0x603548e914a8 <unknown>
#13 0x603548e7c196 <unknown>
#14 0x603548e9206a <unknown>
#15 0x603548e64020 <unknown>
#16 0x603548eb8b98 <unknown>
#17 0x603548eb8d35 <unknown>
#18 0x603548ecbffe <unknown>
#19 0x72bebe09cb84 <unknown>
#20 0x72bebe129d6c <unknown>

[00:36:36][ERROR] - Houve um erro ao tentar comprar contrução: Message: element click intercepted: Element <div class="product unlocked disabled" onmouseout="Game.tooltip.shouldHide=1;" onmouseover="Game.tooltip.dynamic=1;Game.tooltip.draw(this,function(){return Game.ObjectsById[4].tooltip();},'store');Game.tooltip.wobble();" id="product4">...</div> is not clickable at point (1755, 804). Other element would receive the click: <div class="cc_banner cc_container cc_container--open">...</div>
  (Session info: chrome=150.0.7871.114); For documentation on this error, please visit: https://www.selenium.dev/documentation/webdriver/troubleshooting/errors#elementclickinterceptedexception
Stacktrace:
#0 0x603548ecd44a <unknown>
#1 0x6035488a58c9 <unknown>
#2 0x6035489019d5 <unknown>
#3 0x6035488ffab2 <unknown>
#4 0x6035488fd49c <unknown>
#5 0x6035488fc587 <unknown>
#6 0x6035488f0392 <unknown>
#7 0x6035488efcd7 <unknown>
#8 0x60354894355d <unknown>
#9 0x6035488ee3ff <unknown>
#10 0x6035488ef261 <unknown>
#11 0x603548e92cc7 <unknown>
#12 0x603548e914a8 <unknown>
#13 0x603548e7c196 <unknown>
#14 0x603548e9206a <unknown>
#15 0x603548e64020 <unknown>
#16 0x603548eb8b98 <unknown>
#17 0x603548eb8d35 <unknown>
#18 0x603548ecbffe <unknown>
#19 0x72bebe09cb84 <unknown>
#20 0x72bebe129d6c <unknown>
Traceback (most recent call last):
  File "/home/jeremias/Documentos/pasta_de_projetos/click-coockie/uteis/tratamento_bot/bot.py", line 141, in contrucoes
    con.click()
  File "/home/jeremias/Documentos/pasta_de_projetos/click-coockie/.venv/lib/python3.12/site-packages/selenium/webdriver/remote/webelement.py", line 114, in click
    self._execute(Command.CLICK_ELEMENT)
  File "/home/jeremias/Documentos/pasta_de_projetos/click-coockie/.venv/lib/python3.12/site-packages/selenium/webdriver/remote/webelement.py", line 508, in _execute
    return self._parent.execute(command, params)
           ^^^^^^^^^^^^^^^^^^^^^^^^^^^^^^^^^^^^^
  File "/home/jeremias/Documentos/pasta_de_projetos/click-coockie/.venv/lib/python3.12/site-packages/selenium/webdriver/remote/webdriver.py", line 503, in execute
    self.error_handler.check_response(response)
  File "/home/jeremias/Documentos/pasta_de_projetos/click-coockie/.venv/lib/python3.12/site-packages/selenium/webdriver/remote/errorhandler.py", line 232, in check_response
    raise exception_class(message, screen, stacktrace)
selenium.common.exceptions.ElementClickInterceptedException: Message: element click intercepted: Element <div class="product unlocked disabled" onmouseout="Game.tooltip.shouldHide=1;" onmouseover="Game.tooltip.dynamic=1;Game.tooltip.draw(this,function(){return Game.ObjectsById[4].tooltip();},'store');Game.tooltip.wobble();" id="product4">...</div> is not clickable at point (1755, 804). Other element would receive the click: <div class="cc_banner cc_container cc_container--open">...</div>
  (Session info: chrome=150.0.7871.114); For documentation on this error, please visit: https://www.selenium.dev/documentation/webdriver/troubleshooting/errors#elementclickinterceptedexception
Stacktrace:
#0 0x603548ecd44a <unknown>
#1 0x6035488a58c9 <unknown>
#2 0x6035489019d5 <unknown>
#3 0x6035488ffab2 <unknown>
#4 0x6035488fd49c <unknown>
#5 0x6035488fc587 <unknown>
#6 0x6035488f0392 <unknown>
#7 0x6035488efcd7 <unknown>
#8 0x60354894355d <unknown>
#9 0x6035488ee3ff <unknown>
#10 0x6035488ef261 <unknown>
#11 0x603548e92cc7 <unknown>
#12 0x603548e914a8 <unknown>
#13 0x603548e7c196 <unknown>
#14 0x603548e9206a <unknown>
#15 0x603548e64020 <unknown>
#16 0x603548eb8b98 <unknown>
#17 0x603548eb8d35 <unknown>
#18 0x603548ecbffe <unknown>
#19 0x72bebe09cb84 <unknown>
#20 0x72bebe129d6c <unknown>

[00:38:45][ERROR] - Houve um erro disconhecido ao tentar comprar upgrades: Message: stale element reference: stale element not found in the current frame
  (Session info: chrome=150.0.7871.114); For documentation on this error, please visit: https://www.selenium.dev/documentation/webdriver/troubleshooting/errors#staleelementreferenceexception
Stacktrace:
#0 0x603548ecd44a <unknown>
#1 0x6035488a58c9 <unknown>
#2 0x6035488ac937 <unknown>
#3 0x6035488af62b <unknown>
#4 0x603548944661 <unknown>
#5 0x60354894355d <unknown>
#6 0x6035488ee3ff <unknown>
#7 0x6035488ef261 <unknown>
#8 0x603548e92cc7 <unknown>
#9 0x603548e914a8 <unknown>
#10 0x603548e7c196 <unknown>
#11 0x603548e9206a <unknown>
#12 0x603548e64020 <unknown>
#13 0x603548eb8b98 <unknown>
#14 0x603548eb8d35 <unknown>
#15 0x603548ecbffe <unknown>
#16 0x72bebe09cb84 <unknown>
#17 0x72bebe129d6c <unknown>
Traceback (most recent call last):
  File "/home/jeremias/Documentos/pasta_de_projetos/click-coockie/uteis/tratamento_bot/bot.py", line 115, in melhorias
    upgrade0 = self.bot.find_element(
               ^^^^^^^^^^^^^^^^^^^^^^
  File "/home/jeremias/Documentos/pasta_de_projetos/click-coockie/.venv/lib/python3.12/site-packages/botcity/web/bot.py", line 1327, in find_element
    ).until(
      ^^^^^^
  File "/home/jeremias/Documentos/pasta_de_projetos/click-coockie/.venv/lib/python3.12/site-packages/selenium/webdriver/support/wait.py", line 112, in until
    value = method(self._driver)
            ^^^^^^^^^^^^^^^^^^^^
  File "/home/jeremias/Documentos/pasta_de_projetos/click-coockie/.venv/lib/python3.12/site-packages/selenium/webdriver/support/expected_conditions.py", line 519, in _predicate
    element = visibility_of(target)(driver)
              ^^^^^^^^^^^^^^^^^^^^^^^^^^^^^
  File "/home/jeremias/Documentos/pasta_de_projetos/click-coockie/.venv/lib/python3.12/site-packages/selenium/webdriver/support/expected_conditions.py", line 212, in _predicate
    return _element_if_visible(element)
           ^^^^^^^^^^^^^^^^^^^^^^^^^^^^
  File "/home/jeremias/Documentos/pasta_de_projetos/click-coockie/.venv/lib/python3.12/site-packages/selenium/webdriver/support/expected_conditions.py", line 227, in _element_if_visible
    return element if element.is_displayed() == visibility else False
                      ^^^^^^^^^^^^^^^^^^^^^^
  File "/home/jeremias/Documentos/pasta_de_projetos/click-coockie/.venv/lib/python3.12/site-packages/selenium/webdriver/remote/webelement.py", line 308, in is_displayed
    return self.parent.execute_script(f"/* isDisplayed */return ({isDisplayed_js}).apply(null, arguments);", self)
           ^^^^^^^^^^^^^^^^^^^^^^^^^^^^^^^^^^^^^^^^^^^^^^^^^^^^^^^^^^^^^^^^^^^^^^^^^^^^^^^^^^^^^^^^^^^^^^^^^^^^^^^
  File "/home/jeremias/Documentos/pasta_de_projetos/click-coockie/.venv/lib/python3.12/site-packages/selenium/webdriver/remote/webdriver.py", line 613, in execute_script
    return self.execute(command, {"script": script, "args": converted_args})["value"]
           ^^^^^^^^^^^^^^^^^^^^^^^^^^^^^^^^^^^^^^^^^^^^^^^^^^^^^^^^^^^^^^^^^
  File "/home/jeremias/Documentos/pasta_de_projetos/click-coockie/.venv/lib/python3.12/site-packages/selenium/webdriver/remote/webdriver.py", line 503, in execute
    self.error_handler.check_response(response)
  File "/home/jeremias/Documentos/pasta_de_projetos/click-coockie/.venv/lib/python3.12/site-packages/selenium/webdriver/remote/errorhandler.py", line 232, in check_response
    raise exception_class(message, screen, stacktrace)
selenium.common.exceptions.StaleElementReferenceException: Message: stale element reference: stale element not found in the current frame
  (Session info: chrome=150.0.7871.114); For documentation on this error, please visit: https://www.selenium.dev/documentation/webdriver/troubleshooting/errors#staleelementreferenceexception
Stacktrace:
#0 0x603548ecd44a <unknown>
#1 0x6035488a58c9 <unknown>
#2 0x6035488ac937 <unknown>
#3 0x6035488af62b <unknown>
#4 0x603548944661 <unknown>
#5 0x60354894355d <unknown>
#6 0x6035488ee3ff <unknown>
#7 0x6035488ef261 <unknown>
#8 0x603548e92cc7 <unknown>
#9 0x603548e914a8 <unknown>
#10 0x603548e7c196 <unknown>
#11 0x603548e9206a <unknown>
#12 0x603548e64020 <unknown>
#13 0x603548eb8b98 <unknown>
#14 0x603548eb8d35 <unknown>
#15 0x603548ecbffe <unknown>
#16 0x72bebe09cb84 <unknown>
#17 0x72bebe129d6c <unknown>

[00:40:36][ERROR] - Houve um erro ao tentar comprar contrução: Message: element click intercepted: Element <div class="product unlocked disabled" onmouseout="Game.tooltip.shouldHide=1;" onmouseover="Game.tooltip.dynamic=1;Game.tooltip.draw(this,function(){return Game.ObjectsById[4].tooltip();},'store');Game.tooltip.wobble();" id="product4">...</div> is not clickable at point (1755, 804). Other element would receive the click: <div class="cc_banner cc_container cc_container--open">...</div>
  (Session info: chrome=150.0.7871.114); For documentation on this error, please visit: https://www.selenium.dev/documentation/webdriver/troubleshooting/errors#elementclickinterceptedexception
Stacktrace:
#0 0x603548ecd44a <unknown>
#1 0x6035488a58c9 <unknown>
#2 0x6035489019d5 <unknown>
#3 0x6035488ffab2 <unknown>
#4 0x6035488fd49c <unknown>
#5 0x6035488fc587 <unknown>
#6 0x6035488f0392 <unknown>
#7 0x6035488efcd7 <unknown>
#8 0x60354894355d <unknown>
#9 0x6035488ee3ff <unknown>
#10 0x6035488ef261 <unknown>
#11 0x603548e92cc7 <unknown>
#12 0x603548e914a8 <unknown>
#13 0x603548e7c196 <unknown>
#14 0x603548e9206a <unknown>
#15 0x603548e64020 <unknown>
#16 0x603548eb8b98 <unknown>
#17 0x603548eb8d35 <unknown>
#18 0x603548ecbffe <unknown>
#19 0x72bebe09cb84 <unknown>
#20 0x72bebe129d6c <unknown>
Traceback (most recent call last):
  File "/home/jeremias/Documentos/pasta_de_projetos/click-coockie/uteis/tratamento_bot/bot.py", line 141, in contrucoes
    con.click()
  File "/home/jeremias/Documentos/pasta_de_projetos/click-coockie/.venv/lib/python3.12/site-packages/selenium/webdriver/remote/webelement.py", line 114, in click
    self._execute(Command.CLICK_ELEMENT)
  File "/home/jeremias/Documentos/pasta_de_projetos/click-coockie/.venv/lib/python3.12/site-packages/selenium/webdriver/remote/webelement.py", line 508, in _execute
    return self._parent.execute(command, params)
           ^^^^^^^^^^^^^^^^^^^^^^^^^^^^^^^^^^^^^
  File "/home/jeremias/Documentos/pasta_de_projetos/click-coockie/.venv/lib/python3.12/site-packages/selenium/webdriver/remote/webdriver.py", line 503, in execute
    self.error_handler.check_response(response)
  File "/home/jeremias/Documentos/pasta_de_projetos/click-coockie/.venv/lib/python3.12/site-packages/selenium/webdriver/remote/errorhandler.py", line 232, in check_response
    raise exception_class(message, screen, stacktrace)
selenium.common.exceptions.ElementClickInterceptedException: Message: element click intercepted: Element <div class="product unlocked disabled" onmouseout="Game.tooltip.shouldHide=1;" onmouseover="Game.tooltip.dynamic=1;Game.tooltip.draw(this,function(){return Game.ObjectsById[4].tooltip();},'store');Game.tooltip.wobble();" id="product4">...</div> is not clickable at point (1755, 804). Other element would receive the click: <div class="cc_banner cc_container cc_container--open">...</div>
  (Session info: chrome=150.0.7871.114); For documentation on this error, please visit: https://www.selenium.dev/documentation/webdriver/troubleshooting/errors#elementclickinterceptedexception
Stacktrace:
#0 0x603548ecd44a <unknown>
#1 0x6035488a58c9 <unknown>
#2 0x6035489019d5 <unknown>
#3 0x6035488ffab2 <unknown>
#4 0x6035488fd49c <unknown>
#5 0x6035488fc587 <unknown>
#6 0x6035488f0392 <unknown>
#7 0x6035488efcd7 <unknown>
#8 0x60354894355d <unknown>
#9 0x6035488ee3ff <unknown>
#10 0x6035488ef261 <unknown>
#11 0x603548e92cc7 <unknown>
#12 0x603548e914a8 <unknown>
#13 0x603548e7c196 <unknown>
#14 0x603548e9206a <unknown>
#15 0x603548e64020 <unknown>
#16 0x603548eb8b98 <unknown>
#17 0x603548eb8d35 <unknown>
#18 0x603548ecbffe <unknown>
#19 0x72bebe09cb84 <unknown>
#20 0x72bebe129d6c <unknown>

[00:41:52][ERROR] - Houve um erro inesperado na clicagem do big cockie: Message: element click intercepted: Element <button id="bigCookie"></button> is not clickable at point (288, 364). Other element would receive the click: <div id="darken" style="display: block;"></div>
  (Session info: chrome=150.0.7871.114); For documentation on this error, please visit: https://www.selenium.dev/documentation/webdriver/troubleshooting/errors#elementclickinterceptedexception
Stacktrace:
#0 0x603548ecd44a <unknown>
#1 0x6035488a58c9 <unknown>
#2 0x6035489019d5 <unknown>
#3 0x6035488ffab2 <unknown>
#4 0x6035488fd49c <unknown>
#5 0x6035488fc587 <unknown>
#6 0x6035488f0392 <unknown>
#7 0x6035488efcd7 <unknown>
#8 0x60354894355d <unknown>
#9 0x6035488ee3ff <unknown>
#10 0x6035488ef261 <unknown>
#11 0x603548e92cc7 <unknown>
#12 0x603548e914a8 <unknown>
#13 0x603548e7c196 <unknown>
#14 0x603548e9206a <unknown>
#15 0x603548e64020 <unknown>
#16 0x603548eb8b98 <unknown>
#17 0x603548eb8d35 <unknown>
#18 0x603548ecbffe <unknown>
#19 0x72bebe09cb84 <unknown>
#20 0x72bebe129d6c <unknown>
Traceback (most recent call last):
  File "/home/jeremias/Documentos/pasta_de_projetos/click-coockie/uteis/tratamento_bot/bot.py", line 101, in cliques
    big_cockie.click()
  File "/home/jeremias/Documentos/pasta_de_projetos/click-coockie/.venv/lib/python3.12/site-packages/selenium/webdriver/remote/webelement.py", line 114, in click
    self._execute(Command.CLICK_ELEMENT)
  File "/home/jeremias/Documentos/pasta_de_projetos/click-coockie/.venv/lib/python3.12/site-packages/selenium/webdriver/remote/webelement.py", line 508, in _execute
    return self._parent.execute(command, params)
           ^^^^^^^^^^^^^^^^^^^^^^^^^^^^^^^^^^^^^
  File "/home/jeremias/Documentos/pasta_de_projetos/click-coockie/.venv/lib/python3.12/site-packages/selenium/webdriver/remote/webdriver.py", line 503, in execute
    self.error_handler.check_response(response)
  File "/home/jeremias/Documentos/pasta_de_projetos/click-coockie/.venv/lib/python3.12/site-packages/selenium/webdriver/remote/errorhandler.py", line 232, in check_response
    raise exception_class(message, screen, stacktrace)
selenium.common.exceptions.ElementClickInterceptedException: Message: element click intercepted: Element <button id="bigCookie"></button> is not clickable at point (288, 364). Other element would receive the click: <div id="darken" style="display: block;"></div>
  (Session info: chrome=150.0.7871.114); For documentation on this error, please visit: https://www.selenium.dev/documentation/webdriver/troubleshooting/errors#elementclickinterceptedexception
Stacktrace:
#0 0x603548ecd44a <unknown>
#1 0x6035488a58c9 <unknown>
#2 0x6035489019d5 <unknown>
#3 0x6035488ffab2 <unknown>
#4 0x6035488fd49c <unknown>
#5 0x6035488fc587 <unknown>
#6 0x6035488f0392 <unknown>
#7 0x6035488efcd7 <unknown>
#8 0x60354894355d <unknown>
#9 0x6035488ee3ff <unknown>
#10 0x6035488ef261 <unknown>
#11 0x603548e92cc7 <unknown>
#12 0x603548e914a8 <unknown>
#13 0x603548e7c196 <unknown>
#14 0x603548e9206a <unknown>
#15 0x603548e64020 <unknown>
#16 0x603548eb8b98 <unknown>
#17 0x603548eb8d35 <unknown>
#18 0x603548ecbffe <unknown>
#19 0x72bebe09cb84 <unknown>
#20 0x72bebe129d6c <unknown>

